--------------------------------------------------------------------------------
      name:  <unnamed>
       log:  \\apporto.com\dfs\Users\kims11_uci\Downloads\Homework2\homework2.lo
> g
  log type:  text
 opened on:  11 Apr 2019, 23:38:43

. *number 1

. input visits

        visits
  1. 0
  2. 0
  3. 3
  4. 4
  5. 2
  6. 5
  7. 5
  8. 2
  9. 11
 10. 2
 11. 1
 12. 2
 13. 3
 14. 0
 15. 8
 16. 0
 17. 8
 18. 1
 19. 1
 20. 4
 21. end

. summarize

    Variable |        Obs        Mean    Std. Dev.       Min        Max
-------------+---------------------------------------------------------
      visits |         20         3.1    3.041814          0         11


. tabstat visits , statistics(iqr)

    variable |       iqr
-------------+----------
      visits |       3.5
------------------------

. tabulate visits

     visits |      Freq.     Percent        Cum.
------------+-----------------------------------
          0 |          4       20.00       20.00
          1 |          3       15.00       35.00
          2 |          4       20.00       55.00
          3 |          2       10.00       65.00
          4 |          2       10.00       75.00
          5 |          2       10.00       85.00
          8 |          2       10.00       95.00
         11 |          1        5.00      100.00
------------+-----------------------------------
      Total |         20      100.00


. hist visits, width(1)
(bin=11, start=0, width=1)

. *Data doesn't appear to be normally distributed.

. graph pie visits, over(visits)

. *8 is the most common number of doctor visits

. clear

. *number 2

. use "\\apporto.com\dfs\Users\kims11_uci\Downloads\Homework2\AED_PRICEEARNINGS.
> DTA"
(Data for A. Colin Cameron (2015): Analysis of Economics Data, W.W. Norton)

. sum pe_ratio

    Variable |        Obs        Mean    Std. Dev.       Min        Max
-------------+---------------------------------------------------------
    pe_ratio |        132    16.35731    6.607407       4.78       44.2

. sum pe_ratio, detail

      Shiller Cyclically adjusted price earnings ratio
                       (CAPE) or P/E10
-------------------------------------------------------------
      Percentiles      Smallest
 1%         6.11           4.78
 5%         7.83           6.11
10%         9.31           6.13       Obs                 132
25%       11.505           6.16       Sum of Wgt.         132

50%        15.82                      Mean           16.35731
                        Largest       Std. Dev.      6.607407
75%       19.685          33.03
90%        23.69          37.28       Variance       43.65782
95%     27.27304          38.82       Skewness       1.211378
99%        38.82           44.2       Kurtosis       5.632018

. *skewness>1, so right-skewed and at least mild skewness.

. *kurtosis>3, so it has greater kurtosis than the normal distribution.

. hist pe_ratio
(bin=11, start=4.7800002, width=3.5836364)

. *it seems to be right skewed.

. tsset year tsline pe_ratio
variable tsline not found
r(111);

. tsset year
        time variable:  year, 1881 to 2012
                delta:  1 unit

. tsline pe_ratio

. *there are huge increases and decreases, esepcially around 1925 and around 199
> 0.

. graph box pe_ratio, over(year)

. graph box pe_ration
variable pe_ration not found
r(111);

. graph box pe_ratio

. *There are outliers higher than usual.

. tsline pe_ratio, yline(16.35)

. tsrline pe_ratio, yline(16.35)
rline requires 3 variables: pe_ratio year
r(102);

. tsline pe_ratio if year>2000, yline(16.35)

. sum year

    Variable |        Obs        Mean    Std. Dev.       Min        Max
-------------+---------------------------------------------------------
        year |        132      1946.5    38.24918       1881       2012

. tsline pe_ration, yline(16.35)
variable pe_ration not found
r(111);

. tsline pe_ratio, yline(16.35)

. *Data in 2012 are higher than the mean, but not extreme.

. log close
      name:  <unnamed>
       log:  \\apporto.com\dfs\Users\kims11_uci\Downloads\Homework2\homework2.lo
> g
  log type:  text
 closed on:  12 Apr 2019, 00:13:42
--------------------------------------------------------------------------------
